koji@Mac ~ % cd /Users/koji/Desktop                          
koji@Mac Desktop % mkdir git_challenge                   
koji@Mac Desktop % cd git_challenge                      
koji@Mac git_challenge % git init                              
Initialized empty Git repository in /Users/koji/Desktop/git_challenge/.git/
koji@Mac git_challenge % touch hello_world.txt                 
koji@Mac git_challenge % echo "Hello, world" >> hello_world.txt
koji@Mac git_challenge % git add hello_world.txt            
koji@Mac git_challenge % git commit -m "Hello, world"                
[main (root-commit) a665564] Hello, world
 1 file changed, 1 insertion(+)
 create mode 100644 hello_world.txt
koji@Mac git_challenge % git commit --amend -m "hello_world.txtを追加"  

[main 42f020b] hello_world.txtを追加
 Date: Sun Jan 18 11:19:40 2026 +0900
 1 file changed, 1 insertion(+)
 create mode 100644 hello_world.txt
koji@Mac git_challenge % echo "こんにちは、世界！" >> hello_world.txt
koji@Mac git_challenge % git add hello_world.txt                     
koji@Mac git_challenge % git commit -m "こんにちは、世界！" 
[main dd7c8a3] こんにちは、世界！
 1 file changed, 1 insertion(+)
koji@Mac git_challenge % git commit --amend -m "日本語訳を追記"                

[main cd78c5a] 日本語訳を追記
 Date: Sun Jan 18 11:22:03 2026 +0900
 1 file changed, 1 insertion(+)
koji@Mac git_challenge % git log --oneline                     

cd78c5a (HEAD -> main) 日本語訳を追記
42f020b hello_world.txtを追加