koji@Mac ~ % cd /Users/koji/Desktop                
koji@Mac Desktop % mkdir git_challenge                   
koji@Mac Desktop % cd git_challenge                      
koji@Mac git_challenge % git init                              
Initialized empty Git repository in /Users/koji/Desktop/git_challenge/.git/
koji@Mac git_challenge % touch hello_world.txt                 
koji@Mac git_challenge % echo "Hello, world" >> hello_world.txt
koji@Mac git_challenge % git add hello_world.txt               
koji@Mac git_challenge % git commit -m "hello_world.txtを追加"
[main (root-commit) f4aa650] hello_world.txtを追加
 1 file changed, 1 insertion(+)
 create mode 100644 hello_world.txt
koji@Mac git_challenge % echo "こんにちは、世界！" >> hello_world.txt
koji@Mac git_challenge % git add hello_world.txt                
koji@Mac git_challenge % git commit -m "日本語訳を追記"         
[main 6552637] 日本語訳を追記
 1 file changed, 1 insertion(+)
koji@Mac git_challenge % git log --oneline      

6552637 (HEAD -> main) 日本語訳を追記
f4aa650 hello_world.txtを追加
